2014-02-01 16:01:31.184 VSTForxMobile[1870:a07] Multi-tasking -> Device: YES, App: YES
2014-02-01 16:01:31.376 VSTForxMobile[1870:a07] Unlimited access to network resources
2014-02-01 16:01:33.025 VSTForxMobile[1870:a07] Resetting plugins due to page load.
2014-02-01 16:01:33.369 VSTForxMobile[1870:a07] Finished load of: file:///Users/johannesunger/Library/Application%20Support/iPhone%20Simulator/6.1/Applications/D24EAD59-2642-4AE1-B64A-FC24A3E5B08D/VSTForxMobile.app/www/index.html
2014-02-01 17:45:07.859 VSTForxMobile[6590:a07] Multi-tasking -> Device: YES, App: YES
2014-02-01 17:45:08.071 VSTForxMobile[6590:a07] Unlimited access to network resources
2014-02-01 17:45:08.891 VSTForxMobile[6590:a07] Resetting plugins due to page load.
2014-02-01 17:45:09.417 VSTForxMobile[6590:a07] Finished load of: file:///Users/johannesunger/Library/Application%20Support/iPhone%20Simulator/6.1/Applications/D24EAD59-2642-4AE1-B64A-FC24A3E5B08D/VSTForxMobile.app/www/index.html
Terminating in response to SpringBoard's termination.
2014-02-01 17:49:48.146 VSTForxMobile[7481:a07] Multi-tasking -> Device: YES, App: YES
2014-02-01 17:49:48.155 VSTForxMobile[7481:a07] Unlimited access to network resources
2014-02-01 17:49:48.186 VSTForxMobile[7481:a07] Resetting plugins due to page load.
2014-02-01 17:49:48.275 VSTForxMobile[7481:a07] Finished load of: file:///Users/johannesunger/Library/Application%20Support/iPhone%20Simulator/6.1/Applications/D24EAD59-2642-4AE1-B64A-FC24A3E5B08D/VSTForxMobile.app/www/index.html
Terminating in response to SpringBoard's termination.
2014-02-01 17:57:46.115 VSTForxMobile[8376:a07] Multi-tasking -> Device: YES, App: YES
2014-02-01 17:57:46.124 VSTForxMobile[8376:a07] Unlimited access to network resources
2014-02-01 17:57:46.167 VSTForxMobile[8376:a07] Resetting plugins due to page load.
2014-02-01 17:57:46.283 VSTForxMobile[8376:a07] Finished load of: file:///Users/johannesunger/Library/Application%20Support/iPhone%20Simulator/6.1/Applications/D24EAD59-2642-4AE1-B64A-FC24A3E5B08D/VSTForxMobile.app/www/index.html
2014-02-01 18:18:35.507 VSTForxMobile[9414:a07] Multi-tasking -> Device: YES, App: YES
2014-02-01 18:18:35.515 VSTForxMobile[9414:a07] Unlimited access to network resources
2014-02-01 18:18:35.567 VSTForxMobile[9414:a07] Resetting plugins due to page load.
2014-02-01 18:18:36.137 VSTForxMobile[9414:a07] Finished load of: file:///Users/johannesunger/Library/Application%20Support/iPhone%20Simulator/6.1/Applications/D24EAD59-2642-4AE1-B64A-FC24A3E5B08D/VSTForxMobile.app/www/index.html
2014-02-01 18:21:47.123 VSTForxMobile[10265:a07] Multi-tasking -> Device: YES, App: YES
2014-02-01 18:21:47.130 VSTForxMobile[10265:a07] Unlimited access to network resources
2014-02-01 18:21:47.197 VSTForxMobile[10265:a07] Resetting plugins due to page load.
2014-02-01 18:21:47.453 VSTForxMobile[10265:a07] Finished load of: file:///Users/johannesunger/Library/Application%20Support/iPhone%20Simulator/6.1/Applications/D24EAD59-2642-4AE1-B64A-FC24A3E5B08D/VSTForxMobile.app/www/index.html
2014-02-01 18:23:51.484 VSTForxMobile[10727:a07] Multi-tasking -> Device: YES, App: YES
2014-02-01 18:23:51.495 VSTForxMobile[10727:a07] Unlimited access to network resources
2014-02-01 18:23:51.529 VSTForxMobile[10727:a07] Resetting plugins due to page load.
2014-02-01 18:23:51.727 VSTForxMobile[10727:a07] Finished load of: file:///Users/johannesunger/Library/Application%20Support/iPhone%20Simulator/6.1/Applications/D24EAD59-2642-4AE1-B64A-FC24A3E5B08D/VSTForxMobile.app/www/index.html
Terminating in response to SpringBoard's termination.
2014-02-01 20:40:06.609 VSTForxMobile[11999:a07] Multi-tasking -> Device: YES, App: YES
2014-02-01 20:40:06.622 VSTForxMobile[11999:a07] Unlimited access to network resources
2014-02-01 20:40:06.663 VSTForxMobile[11999:a07] Resetting plugins due to page load.
2014-02-01 20:40:06.888 VSTForxMobile[11999:a07] Finished load of: file:///Users/johannesunger/Library/Application%20Support/iPhone%20Simulator/6.1/Applications/D24EAD59-2642-4AE1-B64A-FC24A3E5B08D/VSTForxMobile.app/www/index.html
2014-02-01 20:41:26.705 VSTForxMobile[12848:a07] Multi-tasking -> Device: YES, App: YES
2014-02-01 20:41:26.714 VSTForxMobile[12848:a07] Unlimited access to network resources
2014-02-01 20:41:26.747 VSTForxMobile[12848:a07] Resetting plugins due to page load.
2014-02-01 20:41:26.965 VSTForxMobile[12848:a07] Finished load of: file:///Users/johannesunger/Library/Application%20Support/iPhone%20Simulator/6.1/Applications/D24EAD59-2642-4AE1-B64A-FC24A3E5B08D/VSTForxMobile.app/www/index.html
2014-02-01 20:50:26.072 VSTForxMobile[14555:a07] Multi-tasking -> Device: YES, App: YES
2014-02-01 20:50:26.080 VSTForxMobile[14555:a07] Unlimited access to network resources
2014-02-01 20:50:26.110 VSTForxMobile[14555:a07] Resetting plugins due to page load.
2014-02-01 20:50:26.315 VSTForxMobile[14555:a07] Finished load of: file:///Users/johannesunger/Library/Application%20Support/iPhone%20Simulator/6.1/Applications/D24EAD59-2642-4AE1-B64A-FC24A3E5B08D/VSTForxMobile.app/www/index.html
2014-02-01 20:57:40.344 VSTForxMobile[15483:a07] Multi-tasking -> Device: YES, App: YES
2014-02-01 20:57:40.351 VSTForxMobile[15483:a07] Unlimited access to network resources
2014-02-01 20:57:40.379 VSTForxMobile[15483:a07] Resetting plugins due to page load.
2014-02-01 20:57:40.591 VSTForxMobile[15483:a07] Finished load of: file:///Users/johannesunger/Library/Application%20Support/iPhone%20Simulator/6.1/Applications/D24EAD59-2642-4AE1-B64A-FC24A3E5B08D/VSTForxMobile.app/www/index.html
2014-02-01 20:59:06.764 VSTForxMobile[16329:a07] Multi-tasking -> Device: YES, App: YES
2014-02-01 20:59:06.775 VSTForxMobile[16329:a07] Unlimited access to network resources
2014-02-01 20:59:06.819 VSTForxMobile[16329:a07] Resetting plugins due to page load.
2014-02-01 20:59:07.165 VSTForxMobile[16329:a07] Finished load of: file:///Users/johannesunger/Library/Application%20Support/iPhone%20Simulator/6.1/Applications/D24EAD59-2642-4AE1-B64A-FC24A3E5B08D/VSTForxMobile.app/www/index.html
2014-02-01 21:00:47.388 VSTForxMobile[17176:a07] Multi-tasking -> Device: YES, App: YES
2014-02-01 21:00:47.397 VSTForxMobile[17176:a07] Unlimited access to network resources
2014-02-01 21:00:47.427 VSTForxMobile[17176:a07] Resetting plugins due to page load.
2014-02-01 21:00:47.666 VSTForxMobile[17176:a07] Finished load of: file:///Users/johannesunger/Library/Application%20Support/iPhone%20Simulator/6.1/Applications/D24EAD59-2642-4AE1-B64A-FC24A3E5B08D/VSTForxMobile.app/www/index.html
Terminating in response to SpringBoard's termination.
2014-02-01 21:04:28.814 VSTForxMobile[18087:a07] Multi-tasking -> Device: YES, App: YES
2014-02-01 21:04:28.827 VSTForxMobile[18087:a07] Unlimited access to network resources
2014-02-01 21:04:28.861 VSTForxMobile[18087:a07] Resetting plugins due to page load.
2014-02-01 21:04:29.120 VSTForxMobile[18087:a07] Finished load of: file:///Users/johannesunger/Library/Application%20Support/iPhone%20Simulator/6.1/Applications/D24EAD59-2642-4AE1-B64A-FC24A3E5B08D/VSTForxMobile.app/www/index.html
2014-02-01 21:09:22.450 VSTForxMobile[18978:a07] Multi-tasking -> Device: YES, App: YES
2014-02-01 21:09:22.463 VSTForxMobile[18978:a07] Unlimited access to network resources
2014-02-01 21:09:22.510 VSTForxMobile[18978:a07] Resetting plugins due to page load.
2014-02-01 21:09:22.833 VSTForxMobile[18978:a07] Finished load of: file:///Users/johannesunger/Library/Application%20Support/iPhone%20Simulator/6.1/Applications/D24EAD59-2642-4AE1-B64A-FC24A3E5B08D/VSTForxMobile.app/www/index.html
Terminating in response to SpringBoard's termination.
2014-02-01 21:12:30.313 VSTForxMobile[19888:a07] Multi-tasking -> Device: YES, App: YES
2014-02-01 21:12:30.324 VSTForxMobile[19888:a07] Unlimited access to network resources
2014-02-01 21:12:30.376 VSTForxMobile[19888:a07] Resetting plugins due to page load.
2014-02-01 21:12:30.676 VSTForxMobile[19888:a07] Finished load of: file:///Users/johannesunger/Library/Application%20Support/iPhone%20Simulator/6.1/Applications/D24EAD59-2642-4AE1-B64A-FC24A3E5B08D/VSTForxMobile.app/www/index.html
2014-02-01 21:14:03.785 VSTForxMobile[20800:a07] Multi-tasking -> Device: YES, App: YES
2014-02-01 21:14:03.792 VSTForxMobile[20800:a07] Unlimited access to network resources
2014-02-01 21:14:03.822 VSTForxMobile[20800:a07] Resetting plugins due to page load.
2014-02-01 21:14:04.070 VSTForxMobile[20800:a07] Finished load of: file:///Users/johannesunger/Library/Application%20Support/iPhone%20Simulator/6.1/Applications/D24EAD59-2642-4AE1-B64A-FC24A3E5B08D/VSTForxMobile.app/www/index.html
2014-02-01 21:16:02.800 VSTForxMobile[21647:a07] Multi-tasking -> Device: YES, App: YES
2014-02-01 21:16:02.808 VSTForxMobile[21647:a07] Unlimited access to network resources
2014-02-01 21:16:02.849 VSTForxMobile[21647:a07] Resetting plugins due to page load.
2014-02-01 21:16:03.108 VSTForxMobile[21647:a07] Finished load of: file:///Users/johannesunger/Library/Application%20Support/iPhone%20Simulator/6.1/Applications/D24EAD59-2642-4AE1-B64A-FC24A3E5B08D/VSTForxMobile.app/www/index.html
Terminating in response to SpringBoard's termination.
2014-02-01 21:21:06.882 VSTForxMobile[22546:a07] Multi-tasking -> Device: YES, App: YES
2014-02-01 21:21:06.891 VSTForxMobile[22546:a07] Unlimited access to network resources
2014-02-01 21:21:06.920 VSTForxMobile[22546:a07] Resetting plugins due to page load.
2014-02-01 21:21:07.179 VSTForxMobile[22546:a07] Finished load of: file:///Users/johannesunger/Library/Application%20Support/iPhone%20Simulator/6.1/Applications/D24EAD59-2642-4AE1-B64A-FC24A3E5B08D/VSTForxMobile.app/www/index.html
Terminating in response to SpringBoard's termination.
2014-02-01 21:35:58.477 VSTForxMobile[23481:a07] Multi-tasking -> Device: YES, App: YES
2014-02-01 21:35:58.498 VSTForxMobile[23481:a07] Unlimited access to network resources
2014-02-01 21:35:58.585 VSTForxMobile[23481:a07] Resetting plugins due to page load.
2014-02-01 21:35:58.802 VSTForxMobile[23481:a07] Finished load of: file:///Users/johannesunger/Library/Application%20Support/iPhone%20Simulator/6.1/Applications/D24EAD59-2642-4AE1-B64A-FC24A3E5B08D/VSTForxMobile.app/www/index.html
Terminating in response to SpringBoard's termination.
2014-02-01 21:38:47.445 VSTForxMobile[24364:a07] Multi-tasking -> Device: YES, App: YES
2014-02-01 21:38:47.453 VSTForxMobile[24364:a07] Unlimited access to network resources
2014-02-01 21:38:47.480 VSTForxMobile[24364:a07] Resetting plugins due to page load.
2014-02-01 21:38:47.697 VSTForxMobile[24364:a07] Finished load of: file:///Users/johannesunger/Library/Application%20Support/iPhone%20Simulator/6.1/Applications/D24EAD59-2642-4AE1-B64A-FC24A3E5B08D/VSTForxMobile.app/www/index.html
2014-02-01 22:10:11.550 VSTForxMobile[26470:a07] Multi-tasking -> Device: YES, App: YES
2014-02-01 22:10:11.574 VSTForxMobile[26470:a07] Unlimited access to network resources
2014-02-01 22:10:11.607 VSTForxMobile[26470:a07] Resetting plugins due to page load.
2014-02-01 22:10:11.878 VSTForxMobile[26470:a07] Finished load of: file:///Users/johannesunger/Library/Application%20Support/iPhone%20Simulator/6.1/Applications/D24EAD59-2642-4AE1-B64A-FC24A3E5B08D/VSTForxMobile.app/www/index.html
Terminating in response to SpringBoard's termination.
